// Jest Snapshot v1, https://goo.gl/fbAQLP

exports[`Rockets render correctly 1`] = `
<div
  className="rockets-container container"
/>
`;
